[ 1078398ms] [LOG] [vite] server connection lost. Polling for restart... @ http://localhost:4173/@vite/client:559
[ 1078400ms] [ERROR] Failed to load resource: net::ERR_CONNECTION_REFUSED @ http://localhost:4173/:0
[ 1079751ms] [ERROR] Failed to load resource: the server responded with a status of 404 (Not Found) @ http://localhost:4173/favicon.ico:0
[ 2159063ms] [ERROR] Failed to load resource: the server responded with a status of 404 (Not Found) @ http://localhost:4174/assets/app.HrwbwZ9s.js:0
[ 2159064ms] [ERROR] Failed to load resource: the server responded with a status of 404 (Not Found) @ http://localhost:4174/assets/chunks/theme.ChiyzHy-.js:0
[ 2159065ms] [ERROR] Failed to load resource: the server responded with a status of 404 (Not Found) @ http://localhost:4174/assets/integrate.md.CGYBnQBv.lean.js:0
[ 2504792ms] [ERROR] Failed to load resource: the server responded with a status of 404 (Not Found) @ http://localhost:4174/assets/app.CGaAq41W.js:0
[ 2504792ms] [ERROR] Failed to load resource: the server responded with a status of 404 (Not Found) @ http://localhost:4174/assets/chunks/theme.BMcQZJPH.js:0
[ 2509680ms] [ERROR] Failed to load resource: the server responded with a status of 404 (Not Found) @ http://localhost:4174/assets/app.CGaAq41W.js:0
[ 2509681ms] [ERROR] Failed to load resource: the server responded with a status of 404 (Not Found) @ http://localhost:4174/assets/chunks/theme.BMcQZJPH.js:0
[ 2517375ms] [ERROR] Failed to load resource: the server responded with a status of 404 (Not Found) @ http://localhost:4174/assets/app.CGaAq41W.js:0
[ 2517376ms] [ERROR] Failed to load resource: the server responded with a status of 404 (Not Found) @ http://localhost:4174/assets/chunks/theme.BMcQZJPH.js:0
[ 2518095ms] [ERROR] Failed to load resource: the server responded with a status of 404 (Not Found) @ http://localhost:4174/assets/app.CGaAq41W.js:0
[ 2518096ms] [ERROR] Failed to load resource: the server responded with a status of 404 (Not Found) @ http://localhost:4174/assets/chunks/theme.BMcQZJPH.js:0
[ 2522272ms] [ERROR] Failed to load resource: the server responded with a status of 404 (Not Found) @ http://localhost:4174/assets/app.CGaAq41W.js:0
[ 2522272ms] [ERROR] Failed to load resource: the server responded with a status of 404 (Not Found) @ http://localhost:4174/assets/chunks/theme.BMcQZJPH.js:0
[ 2522273ms] [ERROR] Failed to load resource: the server responded with a status of 404 (Not Found) @ http://localhost:4174/assets/index.md.CIzNpksm.lean.js:0
[ 2522280ms] [ERROR] Failed to load resource: the server responded with a status of 404 (Not Found) @ http://localhost:4174/icons/chat.svg:0
[ 2528182ms] [ERROR] Failed to load resource: the server responded with a status of 404 (Not Found) @ http://localhost:4174/assets/app.CGaAq41W.js:0
[ 2528182ms] [ERROR] Failed to load resource: the server responded with a status of 404 (Not Found) @ http://localhost:4174/assets/chunks/theme.BMcQZJPH.js:0
[ 2528182ms] [ERROR] Failed to load resource: the server responded with a status of 404 (Not Found) @ http://localhost:4174/assets/index.md.CIzNpksm.lean.js:0
[ 2528189ms] [ERROR] Failed to load resource: the server responded with a status of 404 (Not Found) @ http://localhost:4174/icons/chat.svg:0
[ 2555998ms] [ERROR] Failed to load resource: the server responded with a status of 404 (Not Found) @ http://localhost:4174/assets/app.CGaAq41W.js:0
[ 2556001ms] [ERROR] Failed to load resource: the server responded with a status of 404 (Not Found) @ http://localhost:4174/assets/chunks/theme.BMcQZJPH.js:0
[ 2556001ms] [ERROR] Failed to load resource: the server responded with a status of 404 (Not Found) @ http://localhost:4174/assets/index.md.CIzNpksm.lean.js:0
[ 2556009ms] [ERROR] Failed to load resource: the server responded with a status of 404 (Not Found) @ http://localhost:4174/icons/chat.svg:0
[ 2559573ms] [ERROR] Failed to load resource: the server responded with a status of 404 (Not Found) @ http://localhost:4174/assets/app.CGaAq41W.js:0
[ 2559576ms] [ERROR] Failed to load resource: the server responded with a status of 404 (Not Found) @ http://localhost:4174/assets/index.md.CIzNpksm.lean.js:0
[ 2559576ms] [ERROR] Failed to load resource: the server responded with a status of 404 (Not Found) @ http://localhost:4174/assets/chunks/theme.BMcQZJPH.js:0
[ 2559694ms] [ERROR] Failed to load resource: the server responded with a status of 404 (Not Found) @ http://localhost:4174/icons/chat.svg:0
[ 2560297ms] [ERROR] Failed to load resource: the server responded with a status of 404 (Not Found) @ http://localhost:4174/assets/app.CGaAq41W.js:0
[ 2560298ms] [ERROR] Failed to load resource: the server responded with a status of 404 (Not Found) @ http://localhost:4174/assets/chunks/theme.BMcQZJPH.js:0
[ 2560298ms] [ERROR] Failed to load resource: the server responded with a status of 404 (Not Found) @ http://localhost:4174/assets/index.md.CIzNpksm.lean.js:0
[ 2560392ms] [ERROR] Failed to load resource: the server responded with a status of 404 (Not Found) @ http://localhost:4174/icons/chat.svg:0
[ 2576335ms] [ERROR] Failed to load resource: the server responded with a status of 404 (Not Found) @ http://localhost:4174/assets/app.CGaAq41W.js:0
[ 2576335ms] [ERROR] Failed to load resource: the server responded with a status of 404 (Not Found) @ http://localhost:4174/assets/chunks/theme.BMcQZJPH.js:0
[ 2576337ms] [ERROR] Failed to load resource: the server responded with a status of 404 (Not Found) @ http://localhost:4174/assets/index.md.CIzNpksm.lean.js:0
[ 2576347ms] [ERROR] Failed to load resource: the server responded with a status of 404 (Not Found) @ http://localhost:4174/icons/chat.svg:0
[ 2578173ms] [ERROR] Failed to load resource: the server responded with a status of 404 (Not Found) @ http://localhost:4174/assets/app.CGaAq41W.js:0
[ 2578174ms] [ERROR] Failed to load resource: the server responded with a status of 404 (Not Found) @ http://localhost:4174/assets/chunks/theme.BMcQZJPH.js:0
[ 2578174ms] [ERROR] Failed to load resource: the server responded with a status of 404 (Not Found) @ http://localhost:4174/assets/index.md.CIzNpksm.lean.js:0
[ 2578181ms] [ERROR] Failed to load resource: the server responded with a status of 404 (Not Found) @ http://localhost:4174/icons/chat.svg:0
[ 2817983ms] [ERROR] Failed to load resource: the server responded with a status of 404 (Not Found) @ http://localhost:4174/favicon.ico:0
[ 2843142ms] [LOG] [vite] server connection lost. Polling for restart... @ http://localhost:4174/@vite/client:559
[ 2843144ms] [ERROR] Failed to load resource: net::ERR_CONNECTION_REFUSED @ http://localhost:4174/:0
[ 2844449ms] [ERROR] Failed to load resource: the server responded with a status of 404 (Not Found) @ http://localhost:4174/favicon.ico:0
[ 2891400ms] [ERROR] WebSocket connection to 'ws://localhost:4174/?token=cnMnZebbHkE3' failed:  @ http://localhost:4174/@vite/client:535
[ 2891402ms] [LOG] [vite] server connection lost. Polling for restart... @ http://localhost:4174/@vite/client:559
[ 2892409ms] [ERROR] Failed to load resource: net::ERR_CONNECTION_REFUSED @ http://localhost:4174/:0
[ 3191781ms] [ERROR] WebSocket connection to 'ws://localhost:4174/?token=IGDsMP7KpYC1' failed:  @ http://localhost:4174/@vite/client:535
[ 3191782ms] [LOG] [vite] server connection lost. Polling for restart... @ http://localhost:4174/@vite/client:559
[ 3192787ms] [ERROR] Failed to load resource: net::ERR_CONNECTION_REFUSED @ http://localhost:4174/:0
[ 3263857ms] [ERROR] Failed to load resource: the server responded with a status of 404 (Not Found) @ http://localhost:4174/favicon.ico:0
[ 3264527ms] [ERROR] Failed to load resource: the server responded with a status of 404 (Not Found) @ http://localhost:4174/favicon.ico:0
[ 3295108ms] [ERROR] Failed to load resource: the server responded with a status of 404 (Not Found) @ http://localhost:4174/favicon.ico:0
